<div class="BlockStoryStructure-reactionList"></div>
<div>
  <div class="TruncatedRichText TruncatedRichText-richText">
    <div class="TypographyPresentation TypographyPresentation--medium RichText3-paragraph--withVSpacingNormal RichText3-paragraph HighlightSol HighlightSol--buildingBlock" style="white-space: pre-wrap; padding-top: 8px; padding-bottom: 8px;">整天等 
EAS 
build 
就飽了啊，每次 
build 
都要跑十幾二十分鐘</div>
  </div>
</div>