<div id="e4" class="e4 another_class">
    <article class="e4">
        <p>123 漢字 abc</p>
        <p>漢字 abc</p>
        <p>漢字 123</p>
    </article>
</div>
