<div id="e2" class="e2">
    <p><a href="#">abc</a><pangu> </pangu><a href="#">漢字</a></p>
</div>
