<div id="e1" class="e1">
    <p><a href="#">abc</a> 漢字</p>
</div>
