<p id="p1">這是測試 text</p>
  <input type="text" id="input" value="測試text123">
  <p id="p2">另一個測試 text</p>