<div id="e3" class="e3">
    <article class="e3">
        <p>123 漢字 abc</p>
        <p>漢字 abc</p>
        <p>漢字 123</p>
    </article>
</div>
