<!-- There is a whitespace between the number and the text -->
<!-- prettier-ignore -->
<div class="css-175oi2r r-1rtiivn"><a href="/vinta/following" dir="ltr" role="link" class="css-146c3p1 r-bcqeeo r-1ttztb7 r-qvutc0 r-37j5jr r-a023e6 r-rjixqe r-16dba41 r-1loqt21" style="color: rgb(15, 20, 25);"><span class="css-1jxf684 r-bcqeeo r-1ttztb7 r-qvutc0 r-poiln3 r-1b43r93 r-1cwl3u0 r-b88u0q" style="color: rgb(15, 20, 25);"><span class="css-1jxf684 r-bcqeeo r-1ttztb7 r-qvutc0 r-poiln3">1,228</span></span> <span class="css-1jxf684 r-bcqeeo r-1ttztb7 r-qvutc0 r-poiln3 r-1b43r93 r-1cwl3u0" style="color: rgb(83, 100, 113);"><span class="css-1jxf684 r-bcqeeo r-1ttztb7 r-qvutc0 r-poiln3">個跟隨中</span></span></a></div>